DATA rows=3116345 orders=278 riders=986 bundles=115951 load_sec=2.56036
DUAL lower=632.83286328368 sec=4.799318916
INITIAL cost=757.5721602168 artificial=0 sec=4.804493476
BEST it=1 cost=750.70127132791 artificial=0 nodes=5 sec=4.809856946
BEST it=2 cost=740.50781365277 artificial=0 nodes=4006 sec=5.226252722
BEST it=3 cost=731.27242606258 artificial=0 nodes=8007 sec=5.678361488
BEST it=4 cost=723.29285939592 artificial=0 nodes=8027 sec=5.681158254
BEST it=5 cost=713.44738685387 artificial=0 nodes=12028 sec=6.078636946
BEST it=6 cost=709.14435352053 artificial=0 nodes=12045 sec=6.087921175
BEST it=9 cost=704.62443129831 artificial=0 nodes=20072 sec=6.933370401
BEST it=11 cost=700.59660958564 artificial=0 nodes=20092 sec=6.950619346
BEST it=12 cost=679.38826111543 artificial=0 nodes=20111 sec=6.962388294
BEST it=14 cost=678.93430026844 artificial=0 nodes=20134 sec=7.059659051
BEST it=15 cost=671.96628915733 artificial=0 nodes=20263 sec=7.091497286
BEST it=16 cost=667.45194471289 artificial=0 nodes=20292 sec=7.111398724
BEST it=17 cost=664.51763360178 artificial=0 nodes=21111 sec=7.227272912
BEST it=20 cost=663.603755824 artificial=0 nodes=21127 sec=7.318186282
BEST it=23 cost=663.35270887722 artificial=0 nodes=22268 sec=7.481938318
BEST it=24 cost=655.59178456463 artificial=0 nodes=23219 sec=7.586908044
BEST it=26 cost=652.05283229035 artificial=0 nodes=31221 sec=8.334366368
BEST it=27 cost=648.82963354792 artificial=0 nodes=31331 sec=8.380933105
BEST it=32 cost=648.82877799236 artificial=0 nodes=31441 sec=8.400787154
BEST it=37 cost=647.73700021459 artificial=0 nodes=31475 sec=8.433940994
BEST it=41 cost=646.77176334143 artificial=0 nodes=35536 sec=9.272282716
BEST it=43 cost=646.13705223032 artificial=0 nodes=35544 sec=9.274113061
BEST it=53 cost=641.26905223032 artificial=0 nodes=39592 sec=10.008502319
PROGRESS it=500 cost=641.26905223032 best=641.26905223032 sec=40.918753798
PROGRESS it=1000 cost=641.26905223032 best=641.26905223032 sec=76.650600851
PROGRESS it=1500 cost=641.26905223032 best=641.26905223032 sec=113.643047937
DONE cost=641.26905223031781 artificial=0 iterations=1610 nodes=831174 sec=120.21720144
