DATA rows=2995777 orders=1261 riders=3518 bundles=284650 load_sec=2.84584
DUAL lower=5640.8270619852 sec=5.987899361
INITIAL cost=795800757.50941 artificial=34 sec=6.111892095
BEST it=1 cost=748989303.32824 artificial=32 nodes=10001 sec=6.524052813
BEST it=2 cost=678772182.93238 artificial=29 nodes=20002 sec=6.936519898
BEST it=3 cost=561743671.21407 artificial=24 nodes=21139 sec=6.942628088
BEST it=4 cost=538337956.52596 artificial=23 nodes=21324 sec=7.071674674
BEST it=5 cost=468120854.1878 artificial=20 nodes=25253 sec=7.083478029
BEST it=6 cost=444715092.69673 artificial=19 nodes=35254 sec=7.194830014
BEST it=8 cost=421309397.43575 artificial=18 nodes=55256 sec=7.499035331
BEST it=9 cost=397903722.20386 artificial=17 nodes=65257 sec=7.555879605
BEST it=10 cost=374498049.74571 artificial=16 nodes=75258 sec=7.68100681
BEST it=11 cost=351092339.04911 artificial=15 nodes=85259 sec=8.066038041
BEST it=12 cost=327686627.01971 artificial=14 nodes=95260 sec=8.126677943
BEST it=13 cost=304280918.13387 artificial=13 nodes=95854 sec=8.313425739
BEST it=14 cost=280875225.10497 artificial=12 nodes=97147 sec=8.335127275
BEST it=15 cost=257469547.02384 artificial=11 nodes=107148 sec=8.443756263
BEST it=16 cost=210658159.0945 artificial=9 nodes=117149 sec=8.490697242
BEST it=17 cost=187252464.05243 artificial=8 nodes=117350 sec=8.509663529
BEST it=18 cost=163846778.78858 artificial=7 nodes=117969 sec=8.723519461
BEST it=19 cost=140441097.79073 artificial=6 nodes=127970 sec=8.814902977
BEST it=20 cost=117035415.33559 artificial=5 nodes=128294 sec=9.250281668
BEST it=23 cost=117035410.21552 artificial=5 nodes=139396 sec=9.739966614
BEST it=24 cost=93629707.633409 artificial=4 nodes=142232 sec=9.806247504
BEST it=25 cost=70224012.77144 artificial=3 nodes=152233 sec=10.162537302
BEST it=26 cost=46818332.441593 artificial=2 nodes=162234 sec=10.542809379
BEST it=27 cost=46818298.531771 artificial=2 nodes=172235 sec=10.822635335
BEST it=28 cost=23412604.495435 artificial=1 nodes=172956 sec=10.82557447
BEST it=29 cost=6934.8287986203 artificial=0 nodes=182957 sec=11.177258683
BEST it=30 cost=6813.7773178944 artificial=0 nodes=183544 sec=11.278687214
BEST it=31 cost=6711.7825224025 artificial=0 nodes=187545 sec=11.83390876
BEST it=32 cost=6657.3000224025 artificial=0 nodes=191546 sec=11.930415768
BEST it=33 cost=6612.2059161649 artificial=0 nodes=195547 sec=12.108623579
BEST it=34 cost=6604.8726717204 artificial=0 nodes=195574 sec=12.111171412
BEST it=35 cost=6597.2659080269 artificial=0 nodes=195632 sec=12.115330185
BEST it=36 cost=6580.0343635824 artificial=0 nodes=199010 sec=12.185657799
BEST it=37 cost=6565.7294858046 artificial=0 nodes=199021 sec=12.188624703
BEST it=38 cost=6552.4344742839 artificial=0 nodes=199073 sec=12.200869358
BEST it=39 cost=6549.7310853951 artificial=0 nodes=199085 sec=12.204271719
BEST it=40 cost=6532.4408728503 artificial=0 nodes=199790 sec=12.235028708
BEST it=41 cost=6522.5810950725 artificial=0 nodes=203791 sec=12.481491689
BEST it=42 cost=6510.9205449301 artificial=0 nodes=203880 sec=12.513040324
BEST it=43 cost=6498.146733819 artificial=0 nodes=203898 sec=12.522686477
BEST it=44 cost=6491.466381155 artificial=0 nodes=203926 sec=12.52574351
BEST it=45 cost=6469.2147255975 artificial=0 nodes=204493 sec=12.592741708
BEST it=46 cost=6465.7311033753 artificial=0 nodes=204502 sec=12.595983999
BEST it=47 cost=6452.0944095331 artificial=0 nodes=204780 sec=12.624463207
BEST it=48 cost=6446.7056428665 artificial=0 nodes=204819 sec=12.628609566
BEST it=49 cost=6440.4093650887 artificial=0 nodes=205037 sec=12.65102887
BEST it=51 cost=6427.9606539776 artificial=0 nodes=205099 sec=12.656564649
BEST it=53 cost=6422.1586539776 artificial=0 nodes=205835 sec=12.690356566
BEST it=54 cost=6363.6125342482 artificial=0 nodes=205844 sec=12.692431465
BEST it=55 cost=6346.3748704644 artificial=0 nodes=209845 sec=12.737899584
BEST it=56 cost=6336.8366704644 artificial=0 nodes=209888 sec=12.740210064
BEST it=57 cost=6327.7726704644 artificial=0 nodes=209909 sec=12.751870581
BEST it=58 cost=6301.3476937575 artificial=0 nodes=213910 sec=12.862202215
BEST it=59 cost=6293.4167048686 artificial=0 nodes=214384 sec=12.882138407
BEST it=60 cost=6260.5474356379 artificial=0 nodes=214390 sec=12.94253692
BEST it=61 cost=6249.4970743564 artificial=0 nodes=214490 sec=12.951548742
BEST it=62 cost=6249.0015386837 artificial=0 nodes=214567 sec=13.12938469
BEST it=63 cost=6247.2882164615 artificial=0 nodes=214569 sec=13.13144472
BEST it=64 cost=6239.602172898 artificial=0 nodes=214574 sec=13.134208805
BEST it=65 cost=6211.9502464022 artificial=0 nodes=218575 sec=13.323077655
BEST it=66 cost=6209.4022464022 artificial=0 nodes=218625 sec=13.326994415
BEST it=67 cost=6205.0363797356 artificial=0 nodes=220316 sec=13.437733183
BEST it=70 cost=6180.8003797356 artificial=0 nodes=220408 sec=13.530867202
BEST it=71 cost=6178.3503797356 artificial=0 nodes=220601 sec=13.537296159
BEST it=72 cost=6165.8024749046 artificial=0 nodes=221065 sec=13.552439563
BEST it=74 cost=6161.4479415713 artificial=0 nodes=225067 sec=13.600923308
BEST it=75 cost=6148.9978367299 artificial=0 nodes=229068 sec=14.034413214
BEST it=76 cost=6147.3103295403 artificial=0 nodes=229100 sec=14.051551598
BEST it=78 cost=6135.583596207 artificial=0 nodes=229132 sec=14.055753495
BEST it=79 cost=6134.7406184292 artificial=0 nodes=229147 sec=14.061855996
BEST it=80 cost=6124.442832243 artificial=0 nodes=229379 sec=14.081236821
BEST it=82 cost=6107.5235211319 artificial=0 nodes=229398 sec=14.085196833
BEST it=83 cost=6104.172732243 artificial=0 nodes=229438 sec=14.088115988
BEST it=84 cost=6103.2929876316 artificial=0 nodes=229457 sec=14.142682551
BEST it=85 cost=6092.6949209649 artificial=0 nodes=229530 sec=14.15308357
BEST it=86 cost=6092.1227431871 artificial=0 nodes=229536 sec=14.155431008
BEST it=87 cost=6087.7904590602 artificial=0 nodes=229578 sec=14.188388609
BEST it=89 cost=6084.9750035046 artificial=0 nodes=229598 sec=14.195050834
BEST it=90 cost=6071.7005782882 artificial=0 nodes=229628 sec=14.258733757
BEST it=91 cost=6062.4608671771 artificial=0 nodes=229640 sec=14.263246019
BEST it=92 cost=6058.923156066 artificial=0 nodes=229660 sec=14.26855494
BEST it=93 cost=6057.9406960049 artificial=0 nodes=229927 sec=14.285251238
BEST it=94 cost=6050.7062495196 artificial=0 nodes=233928 sec=14.79639127
BEST it=96 cost=6020.9409495196 artificial=0 nodes=238954 sec=15.005856166
BEST it=97 cost=6019.5502848938 artificial=0 nodes=239931 sec=15.297361099
BEST it=98 cost=6012.4627182271 artificial=0 nodes=240172 sec=15.601287938
BEST it=99 cost=6004.2308771387 artificial=0 nodes=244173 sec=15.968754576
BEST it=102 cost=5994.1289993609 artificial=0 nodes=244277 sec=15.981033684
BEST it=104 cost=5989.9138660276 artificial=0 nodes=244305 sec=15.993012606
BEST it=105 cost=5988.6655748398 artificial=0 nodes=248306 sec=16.530265607
BEST it=106 cost=5979.8314081732 artificial=0 nodes=248315 sec=16.536222454
BEST it=107 cost=5977.4496303954 artificial=0 nodes=248395 sec=16.538675002
BEST it=108 cost=5968.1361748398 artificial=0 nodes=248400 sec=16.541570643
BEST it=111 cost=5963.442785951 artificial=0 nodes=248744 sec=16.752855663
BEST it=112 cost=5958.9060297771 artificial=0 nodes=248751 sec=16.755388658
BEST it=113 cost=5958.230172489 artificial=0 nodes=248789 sec=16.758939011
BEST it=115 cost=5936.5614265266 artificial=0 nodes=249310 sec=16.835291071
BEST it=117 cost=5933.12215986 artificial=0 nodes=249321 sec=16.839372402
BEST it=119 cost=5929.8651250836 artificial=0 nodes=249582 sec=16.861805063
BEST it=120 cost=5924.7876361947 artificial=0 nodes=253583 sec=17.008088647
BEST it=121 cost=5923.3153917503 artificial=0 nodes=254123 sec=17.071066347
BEST it=122 cost=5920.6893917503 artificial=0 nodes=254149 sec=17.096134072
BEST it=123 cost=5920.1069917503 artificial=0 nodes=258150 sec=17.466712033
BEST it=127 cost=5920.0025250836 artificial=0 nodes=258173 sec=17.486686493
BEST it=129 cost=5912.0877806392 artificial=0 nodes=258192 sec=17.489169821
BEST it=133 cost=5911.6037287723 artificial=0 nodes=266219 sec=17.958585912
BEST it=136 cost=5894.8550176612 artificial=0 nodes=268691 sec=18.122898898
BEST it=137 cost=5882.4502065501 artificial=0 nodes=270616 sec=18.389220344
BEST it=140 cost=5881.3038065501 artificial=0 nodes=274705 sec=18.41635197
BEST it=142 cost=5881.1018509945 artificial=0 nodes=278714 sec=18.483809578
BEST it=146 cost=5881.0130145166 artificial=0 nodes=279224 sec=18.528660412
BEST it=150 cost=5878.1325145166 artificial=0 nodes=283247 sec=19.347397754
BEST it=151 cost=5875.9649034054 artificial=0 nodes=283289 sec=19.351577585
BEST it=154 cost=5871.0304660326 artificial=0 nodes=284050 sec=19.478028476
BEST it=155 cost=5870.4954683315 artificial=0 nodes=284070 sec=19.552026738
BEST it=156 cost=5870.4254683315 artificial=0 nodes=284082 sec=19.553918945
BEST it=167 cost=5868.6453149981 artificial=0 nodes=284291 sec=19.587260338
BEST it=169 cost=5866.0322981203 artificial=0 nodes=284615 sec=19.679763256
BEST it=170 cost=5860.9016425648 artificial=0 nodes=285462 sec=19.777709877
BEST it=171 cost=5860.8487536759 artificial=0 nodes=285486 sec=19.783203132
BEST it=180 cost=5860.4672120092 artificial=0 nodes=285612 sec=19.861573312
BEST it=182 cost=5856.9528997559 artificial=0 nodes=290036 sec=20.741289965
BEST it=183 cost=5855.4351664225 artificial=0 nodes=290873 sec=20.786407416
BEST it=186 cost=5854.4748997559 artificial=0 nodes=291271 sec=20.827677631
BEST it=195 cost=5850.1348997559 artificial=0 nodes=297328 sec=21.419344319
BEST it=201 cost=5845.430010867 artificial=0 nodes=301383 sec=21.480036888
BEST it=202 cost=5843.2115544118 artificial=0 nodes=301395 sec=21.485604824
BEST it=203 cost=5842.3090859764 artificial=0 nodes=301426 sec=21.54808307
BEST it=208 cost=5837.9958748652 artificial=0 nodes=301783 sec=21.630866096
BEST it=209 cost=5837.1938748652 artificial=0 nodes=302867 sec=21.712759628
BEST it=211 cost=5836.9618748652 artificial=0 nodes=303151 sec=21.997492046
BEST it=216 cost=5835.7175387352 artificial=0 nodes=303242 sec=22.015034363
BEST it=227 cost=5832.5505942908 artificial=0 nodes=303551 sec=22.156335511
BEST it=228 cost=5832.2716387352 artificial=0 nodes=307552 sec=22.683354412
BEST it=236 cost=5828.8496387352 artificial=0 nodes=310554 sec=23.151832302
BEST it=238 cost=5826.261287858 artificial=0 nodes=310560 sec=23.155121229
BEST it=240 cost=5821.2972878581 artificial=0 nodes=312166 sec=23.57497897
BEST it=241 cost=5817.9444989692 artificial=0 nodes=312378 sec=23.590340396
BEST it=247 cost=5815.0849323025 artificial=0 nodes=312494 sec=23.636722692
BEST it=253 cost=5814.0722767469 artificial=0 nodes=316787 sec=24.141081521
BEST it=262 cost=5803.6702767469 artificial=0 nodes=316860 sec=24.191545812
BEST it=271 cost=5803.0034323025 artificial=0 nodes=321126 sec=24.772825814
BEST it=283 cost=5802.1207545247 artificial=0 nodes=329334 sec=25.296756867
BEST it=286 cost=5799.5307676979 artificial=0 nodes=337370 sec=26.389816687
BEST it=290 cost=5798.4780232535 artificial=0 nodes=337495 sec=26.396879369
BEST it=291 cost=5797.8855232535 artificial=0 nodes=341496 sec=26.454554677
BEST it=292 cost=5797.6304630618 artificial=0 nodes=341515 sec=26.458803503
BEST it=300 cost=5791.577985284 artificial=0 nodes=345612 sec=27.131282805
BEST it=320 cost=5791.5196730307 artificial=0 nodes=356045 sec=28.314357575
BEST it=322 cost=5790.9285730307 artificial=0 nodes=356058 sec=28.322230473
BEST it=330 cost=5789.9253396973 artificial=0 nodes=367395 sec=28.772771866
BEST it=350 cost=5789.6291508085 artificial=0 nodes=378610 sec=29.813647301
BEST it=359 cost=5781.1521619196 artificial=0 nodes=379168 sec=29.914705558
BEST it=360 cost=5774.2881619196 artificial=0 nodes=379287 sec=29.976663292
BEST it=368 cost=5773.9708285862 artificial=0 nodes=383537 sec=30.693790066
BEST it=370 cost=5758.9116285862 artificial=0 nodes=383573 sec=30.698517936
BEST it=374 cost=5752.8555285862 artificial=0 nodes=383625 sec=30.71781301
BEST it=402 cost=5751.8172508085 artificial=0 nodes=393720 sec=32.300710252
BEST it=405 cost=5751.5050285862 artificial=0 nodes=394843 sec=32.404089202
BEST it=420 cost=5750.3050565432 artificial=0 nodes=399240 sec=33.198558584
BEST it=433 cost=5749.5692787654 artificial=0 nodes=399500 sec=33.536413097
BEST it=434 cost=5748.450034321 artificial=0 nodes=399670 sec=33.552169225
BEST it=446 cost=5747.240034321 artificial=0 nodes=404230 sec=34.173045546
BEST it=479 cost=5743.6154898766 artificial=0 nodes=413772 sec=37.1268918
PROGRESS it=500 cost=5743.6154898766 best=5743.6154898766 sec=38.80465124
BEST it=523 cost=5743.2565454321 artificial=0 nodes=432581 sec=39.117668478
BEST it=554 cost=5737.4681120988 artificial=0 nodes=447332 sec=41.242470487
BEST it=566 cost=5731.9774127159 artificial=0 nodes=454735 sec=41.795402526
BEST it=570 cost=5731.7534127159 artificial=0 nodes=454766 sec=41.903693315
BEST it=698 cost=5731.7294127159 artificial=0 nodes=518046 sec=50.572258608
PROGRESS it=1000 cost=5731.7294127159 best=5731.7294127159 sec=65.920760326
BEST it=1099 cost=5729.7949949992 artificial=0 nodes=683368 sec=71.778260064
PROGRESS it=1500 cost=5729.7949949992 best=5729.7949949992 sec=95.723783659
DONE cost=5729.7949949991662 artificial=0 iterations=1921 nodes=1035773 sec=120.48520851400001
